// Jest Snapshot v1, https://goo.gl/fbAQLP

exports[`Example exists 1`] = `
<div
  className="example"
>
  This is an example by SB
</div>
`;
